// Jest Snapshot v1, https://goo.gl/fbAQLP

exports[`Error Component should render - hasError=false 1`] = `
<div>
  <div>
    test
  </div>
</div>
`;

exports[`Error Component should render - hasError=true 1`] = `
<div>
  <div>
    <h1>
      Technical Error
    </h1>
    <div>
      <p>
         
        There are some technical error
         
      </p>
    </div>
    <div>
      <button>
        Exit
      </button>
    </div>
  </div>
</div>
`;
