// Jest Snapshot v1, https://goo.gl/fbAQLP

exports[`Loader Component should render isLoading=false 1`] = `<div />`;

exports[`Loader Component should render isLoading=true 1`] = `
<div>
  <div
    id="preloader"
  >
    <div
      id="loader"
    >
      Please wait...
      <div
        class="spin"
      />
    </div>
  </div>
</div>
`;
